Reading netlist file: "D:\estudos\infnet\bloco8\pb\vga-framebuffer-arm-fpga\final_project\fpga\gowin\impl\gwsynthesis\final_project.vg"
Parsing netlist file "D:\estudos\infnet\bloco8\pb\vga-framebuffer-arm-fpga\final_project\fpga\gowin\impl\gwsynthesis\final_project.vg" completed
Processing netlist completed
Reading constraint file: "D:\estudos\infnet\bloco8\pb\vga-framebuffer-arm-fpga\final_project\fpga\gowin\src\final.cst"
Physical Constraint parsed completed
Running placement......
[10%] Placement Phase 0 completed
[20%] Placement Phase 1 completed
[30%] Placement Phase 2 completed
WARN  (TA1132) :  'divider/clkdiv_inst/CLKOUT.default_gen_clk' was determined to be a clock but was not created.
[50%] Placement Phase 3 completed
Running routing......
[60%] Routing Phase 0 completed
[70%] Routing Phase 1 completed
[80%] Routing Phase 2 completed
[90%] Routing Phase 3 completed
Running timing analysis......
[95%] Timing analysis completed
Placement and routing completed
Bitstream generation in progress......
Bitstream generation completed
Running power analysis......
[100%] Power analysis completed
Generate file "D:\estudos\infnet\bloco8\pb\vga-framebuffer-arm-fpga\final_project\fpga\gowin\impl\pnr\final_project.power.html" completed
Generate file "D:\estudos\infnet\bloco8\pb\vga-framebuffer-arm-fpga\final_project\fpga\gowin\impl\pnr\final_project.pin.html" completed
Generate file "D:\estudos\infnet\bloco8\pb\vga-framebuffer-arm-fpga\final_project\fpga\gowin\impl\pnr\final_project.rpt.html" completed
Generate file "D:\estudos\infnet\bloco8\pb\vga-framebuffer-arm-fpga\final_project\fpga\gowin\impl\pnr\final_project.rpt.txt" completed
Generate file "D:\estudos\infnet\bloco8\pb\vga-framebuffer-arm-fpga\final_project\fpga\gowin\impl\pnr\final_project.tr.html" completed
Mon Sep 28 21:22:59 2026

