Reading netlist file: "D:\estudos\infnet\bloco8\pb\vga-framebuffer-arm-fpga\final_project\fpga\gowin\impl\gwsynthesis\hdmi.vg"
Parsing netlist file "D:\estudos\infnet\bloco8\pb\vga-framebuffer-arm-fpga\final_project\fpga\gowin\impl\gwsynthesis\hdmi.vg" completed
Processing netlist completed
Reading constraint file: "D:\estudos\infnet\bloco8\pb\vga-framebuffer-arm-fpga\final_project\fpga\gowin\src\onboard_led_bringup.cst"
Physical Constraint parsed completed
Running placement......
[10%] Placement Phase 0 completed
[20%] Placement Phase 1 completed
[30%] Placement Phase 2 completed
[50%] Placement Phase 3 completed
Running routing......
[60%] Routing Phase 0 completed
[70%] Routing Phase 1 completed
[90%] Routing Phase 3 completed
Running timing analysis......
[95%] Timing analysis completed
Placement and routing completed
Bitstream generation in progress......
Bitstream generation completed
Running power analysis......
[100%] Power analysis completed
Generate file "D:\estudos\infnet\bloco8\pb\vga-framebuffer-arm-fpga\final_project\fpga\gowin\impl\pnr\hdmi.power.html" completed
Generate file "D:\estudos\infnet\bloco8\pb\vga-framebuffer-arm-fpga\final_project\fpga\gowin\impl\pnr\hdmi.pin.html" completed
Generate file "D:\estudos\infnet\bloco8\pb\vga-framebuffer-arm-fpga\final_project\fpga\gowin\impl\pnr\hdmi.rpt.html" completed
Generate file "D:\estudos\infnet\bloco8\pb\vga-framebuffer-arm-fpga\final_project\fpga\gowin\impl\pnr\hdmi.rpt.txt" completed
Generate file "D:\estudos\infnet\bloco8\pb\vga-framebuffer-arm-fpga\final_project\fpga\gowin\impl\pnr\hdmi.tr.html" completed
Sun Sep 27 16:40:22 2026

