GowinSynthesis start
Running parser ...
Analyzing Verilog file 'D:\estudos\infnet\bloco8\pb\vga-framebuffer-arm-fpga\final_project\fpga\gowin\src\gowin_clkdiv\gowin_clkdiv.v'
Analyzing Verilog file 'D:\estudos\infnet\bloco8\pb\vga-framebuffer-arm-fpga\final_project\fpga\gowin\src\gowin_pllvr\gowin_pllvr.v'
Analyzing Verilog file 'D:\estudos\infnet\bloco8\pb\vga-framebuffer-arm-fpga\final_project\fpga\gowin\src\hdmi\svo_defines.vh'
Analyzing Verilog file 'D:\estudos\infnet\bloco8\pb\vga-framebuffer-arm-fpga\final_project\fpga\gowin\src\hdmi\svo_enc.v'
Analyzing included file 'D:\estudos\infnet\bloco8\pb\vga-framebuffer-arm-fpga\final_project\fpga\gowin\src\hdmi\svo_defines.vh'("D:\estudos\infnet\bloco8\pb\vga-framebuffer-arm-fpga\final_project\fpga\gowin\src\hdmi\svo_enc.v":21)
Back to file 'D:\estudos\infnet\bloco8\pb\vga-framebuffer-arm-fpga\final_project\fpga\gowin\src\hdmi\svo_enc.v'("D:\estudos\infnet\bloco8\pb\vga-framebuffer-arm-fpga\final_project\fpga\gowin\src\hdmi\svo_enc.v":21)
Analyzing Verilog file 'D:\estudos\infnet\bloco8\pb\vga-framebuffer-arm-fpga\final_project\fpga\gowin\src\hdmi\svo_openldi.v'
Analyzing included file 'D:\estudos\infnet\bloco8\pb\vga-framebuffer-arm-fpga\final_project\fpga\gowin\src\hdmi\svo_defines.vh'("D:\estudos\infnet\bloco8\pb\vga-framebuffer-arm-fpga\final_project\fpga\gowin\src\hdmi\svo_openldi.v":21)
Back to file 'D:\estudos\infnet\bloco8\pb\vga-framebuffer-arm-fpga\final_project\fpga\gowin\src\hdmi\svo_openldi.v'("D:\estudos\infnet\bloco8\pb\vga-framebuffer-arm-fpga\final_project\fpga\gowin\src\hdmi\svo_openldi.v":21)
Analyzing Verilog file 'D:\estudos\infnet\bloco8\pb\vga-framebuffer-arm-fpga\final_project\fpga\gowin\src\hdmi\svo_tcard.v'
Analyzing included file 'D:\estudos\infnet\bloco8\pb\vga-framebuffer-arm-fpga\final_project\fpga\gowin\src\hdmi\svo_defines.vh'("D:\estudos\infnet\bloco8\pb\vga-framebuffer-arm-fpga\final_project\fpga\gowin\src\hdmi\svo_tcard.v":21)
Back to file 'D:\estudos\infnet\bloco8\pb\vga-framebuffer-arm-fpga\final_project\fpga\gowin\src\hdmi\svo_tcard.v'("D:\estudos\infnet\bloco8\pb\vga-framebuffer-arm-fpga\final_project\fpga\gowin\src\hdmi\svo_tcard.v":21)
Analyzing Verilog file 'D:\estudos\infnet\bloco8\pb\vga-framebuffer-arm-fpga\final_project\fpga\gowin\src\hdmi\svo_term.v'
Analyzing included file 'D:\estudos\infnet\bloco8\pb\vga-framebuffer-arm-fpga\final_project\fpga\gowin\src\hdmi\svo_defines.vh'("D:\estudos\infnet\bloco8\pb\vga-framebuffer-arm-fpga\final_project\fpga\gowin\src\hdmi\svo_term.v":21)
Back to file 'D:\estudos\infnet\bloco8\pb\vga-framebuffer-arm-fpga\final_project\fpga\gowin\src\hdmi\svo_term.v'("D:\estudos\infnet\bloco8\pb\vga-framebuffer-arm-fpga\final_project\fpga\gowin\src\hdmi\svo_term.v":21)
Analyzing Verilog file 'D:\estudos\infnet\bloco8\pb\vga-framebuffer-arm-fpga\final_project\fpga\gowin\src\hdmi\svo_tmds.v'
Analyzing included file 'D:\estudos\infnet\bloco8\pb\vga-framebuffer-arm-fpga\final_project\fpga\gowin\src\hdmi\svo_defines.vh'("D:\estudos\infnet\bloco8\pb\vga-framebuffer-arm-fpga\final_project\fpga\gowin\src\hdmi\svo_tmds.v":21)
Back to file 'D:\estudos\infnet\bloco8\pb\vga-framebuffer-arm-fpga\final_project\fpga\gowin\src\hdmi\svo_tmds.v'("D:\estudos\infnet\bloco8\pb\vga-framebuffer-arm-fpga\final_project\fpga\gowin\src\hdmi\svo_tmds.v":21)
Analyzing Verilog file 'D:\estudos\infnet\bloco8\pb\vga-framebuffer-arm-fpga\final_project\fpga\gowin\src\hdmi\svo_utils.v'
Analyzing included file 'D:\estudos\infnet\bloco8\pb\vga-framebuffer-arm-fpga\final_project\fpga\gowin\src\hdmi\svo_defines.vh'("D:\estudos\infnet\bloco8\pb\vga-framebuffer-arm-fpga\final_project\fpga\gowin\src\hdmi\svo_utils.v":21)
Back to file 'D:\estudos\infnet\bloco8\pb\vga-framebuffer-arm-fpga\final_project\fpga\gowin\src\hdmi\svo_utils.v'("D:\estudos\infnet\bloco8\pb\vga-framebuffer-arm-fpga\final_project\fpga\gowin\src\hdmi\svo_utils.v":21)
Analyzing Verilog file 'D:\estudos\infnet\bloco8\pb\vga-framebuffer-arm-fpga\final_project\fpga\gowin\src\hdmi\svo_vdma.v'
Analyzing included file 'D:\estudos\infnet\bloco8\pb\vga-framebuffer-arm-fpga\final_project\fpga\gowin\src\hdmi\svo_defines.vh'("D:\estudos\infnet\bloco8\pb\vga-framebuffer-arm-fpga\final_project\fpga\gowin\src\hdmi\svo_vdma.v":21)
Back to file 'D:\estudos\infnet\bloco8\pb\vga-framebuffer-arm-fpga\final_project\fpga\gowin\src\hdmi\svo_vdma.v'("D:\estudos\infnet\bloco8\pb\vga-framebuffer-arm-fpga\final_project\fpga\gowin\src\hdmi\svo_vdma.v":21)
Analyzing Verilog file 'D:\estudos\infnet\bloco8\pb\vga-framebuffer-arm-fpga\final_project\fpga\gowin\src\svo_hdmi.v'
Analyzing included file 'D:\estudos\infnet\bloco8\pb\vga-framebuffer-arm-fpga\final_project\fpga\gowin\src\hdmi\svo_defines.vh'("D:\estudos\infnet\bloco8\pb\vga-framebuffer-arm-fpga\final_project\fpga\gowin\src\svo_hdmi.v":21)
Back to file 'D:\estudos\infnet\bloco8\pb\vga-framebuffer-arm-fpga\final_project\fpga\gowin\src\svo_hdmi.v'("D:\estudos\infnet\bloco8\pb\vga-framebuffer-arm-fpga\final_project\fpga\gowin\src\svo_hdmi.v":21)
Analyzing Verilog file 'D:\estudos\infnet\bloco8\pb\vga-framebuffer-arm-fpga\final_project\fpga\gowin\src\top.v'
Undeclared symbol 'clk_p', assumed default net type 'wire'("D:\estudos\infnet\bloco8\pb\vga-framebuffer-arm-fpga\final_project\fpga\gowin\src\top.v":12)
Undeclared symbol 'clk_p5', assumed default net type 'wire'("D:\estudos\infnet\bloco8\pb\vga-framebuffer-arm-fpga\final_project\fpga\gowin\src\top.v":13)
Undeclared symbol 'pll_lock', assumed default net type 'wire'("D:\estudos\infnet\bloco8\pb\vga-framebuffer-arm-fpga\final_project\fpga\gowin\src\top.v":14)
Undeclared symbol 'sys_resetn', assumed default net type 'wire'("D:\estudos\infnet\bloco8\pb\vga-framebuffer-arm-fpga\final_project\fpga\gowin\src\top.v":24)
Analyzing Verilog file 'D:\estudos\infnet\bloco8\pb\vga-framebuffer-arm-fpga\final_project\fpga\gowin\src\onboard_led_bringup.v'
Compiling module 'onboard_led_bringup'("D:\estudos\infnet\bloco8\pb\vga-framebuffer-arm-fpga\final_project\fpga\gowin\src\onboard_led_bringup.v":1)
NOTE  (EX0101) : Current top module is "onboard_led_bringup"
[5%] Running netlist conversion ...
Running device independent optimization ...
[10%] Optimizing Phase 0 completed
[15%] Optimizing Phase 1 completed
[25%] Optimizing Phase 2 completed
Running inference ...
[30%] Inferring Phase 0 completed
[40%] Inferring Phase 1 completed
[50%] Inferring Phase 2 completed
[55%] Inferring Phase 3 completed
Running technical mapping ...
[60%] Tech-Mapping Phase 0 completed
[65%] Tech-Mapping Phase 1 completed
[75%] Tech-Mapping Phase 2 completed
[80%] Tech-Mapping Phase 3 completed
[90%] Tech-Mapping Phase 4 completed
[95%] Generate netlist file "D:\estudos\infnet\bloco8\pb\vga-framebuffer-arm-fpga\final_project\fpga\gowin\impl\gwsynthesis\hdmi.vg" completed
[100%] Generate report file "D:\estudos\infnet\bloco8\pb\vga-framebuffer-arm-fpga\final_project\fpga\gowin\impl\gwsynthesis\hdmi_syn.rpt.html" completed
GowinSynthesis finish
